Day 3 Task: Basic Linux Commands with a Twist

1.View the content of a file and display line numbers.
2.Change the access permissions of files to make them readable, writable, and executable by the owner only.
3.Check the last 10 commands you have run.
4.Remove a directory and all its contents.
5.Create a fruits.txt file, add content (one fruit per line), and display the content.
6.Add content in devops.txt (one in each line) - Apple, Mango, Banana, Cherry, Kiwi, Orange, Guava. Then, append "Pineapple" to the end of the file.
7.Show the first three fruits from the file in reverse order.
8.Show the bottom three fruits from the file, and then sort them alphabetically.
9.Create another file Colors.txt, add content (one color per line), and display the content.
10.Add content in Colors.txt (one in each line) - Red, Pink, White, Black, Blue, Orange, Purple, Grey. Then, prepend "Yellow" to the beginning of the file.
11.Find and display the lines that are common between fruits.txt and Colors.txt.
12.Count the number of lines, words, and characters in both fruits.txt and Colors.txt.


1.root@LAPTOP-VSF1BPPN:/home/vedant# cat >ved.txt
hello
my name is angle
I pursuing degree
from betch

root@LAPTOP-VSF1BPPN:/home/vedant# cat -n ved.txt
     1  hello
     2  my name is angle
     3  I pursuing degree
     4  from betch


root@LAPTOP-VSF1BPPN:/home/vedant# chmod 700 ved.txt
root@LAPTOP-VSF1BPPN:/home/vedant# ls -l ved.txt
-rwx------ 1 root root 52 Jul 23 07:11 ved.txt
root@LAPTOP-VSF1BPPN:/home/vedant# history  | tail -10
  449  cp lo file1
  450  cp lo file1/
  451  cp /lo file1
  452  cp lo/ file1
  453  ls
  454  cat >ved.txt
  455  cat -n ved.txt
  456  chmod 700 ved.txt
  457  ls -l ved.txt
  458  history  | tail -10
root@LAPTOP-VSF1BPPN:/home/vedant# ls
cloud  dir1  file1  file2  lo  ved.txt

root@LAPTOP-VSF1BPPN:/home/vedant# rm -v ved.txt
removed 'ved.txt'
root@LAPTOP-VSF1BPPN:/home/vedant# ls
cloud  dir1  file1  file2  lo

root@LAPTOP-VSF1BPPN:/home/vedant# cat >fruit.txt
apple
mango
balckberry
cherry
litchi
dragon fruit


root@LAPTOP-VSF1BPPN:/home/vedant# vim devops.txt
root@LAPTOP-VSF1BPPN:/home/vedant# cat devops.txt
apple
mango
balckberry
cherry
litchi
dragon fruit


root@LAPTOP-VSF1BPPN:/home/vedant# echo "kiwi" >>devops.txt
root@LAPTOP-VSF1BPPN:/home/vedant# cat devops.txt
apple
mango
balckberry
cherry
litchi
dragon fruit
kiwi


root@LAPTOP-VSF1BPPN:/home/vedant# head -3 fruit.txt | tac
balckberry
mango
apple


root@LAPTOP-VSF1BPPN:/home/vedant# tail -3 fruit.txt | sort
cherry
dragon fruit
litchi


root@LAPTOP-VSF1BPPN:/home/vedant# echo -e "Red\nPink\nWhite\nBlank\NBlue\nOrange\nPurple\nGrey" >color.txt
root@LAPTOP-VSF1BPPN:/home/vedant# ls
cloud  color.txt  devops.txt  dir1  file1  file2  fruit.txt  lo

root@LAPTOP-VSF1BPPN:/home/vedant# cat color.txt
Red
Pink
White
Blank\NBlue
Orange
Purple
Grey


root@LAPTOP-VSF1BPPN:/home/vedant# echo -e "yellow\n$(cat color.txt)" > color.txt
root@LAPTOP-VSF1BPPN:/home/vedant# cat color.txt
yellow
Red
Pink
White
Blank\NBlue
Orange
Purple
Grey


root@LAPTOP-VSF1BPPN:/home/vedant# comm -12 <(sort fruits.txt) <(sort color.txt)
sort: cannot read: fruits.txt: No such file or directory
root@LAPTOP-VSF1BPPN:/home/vedant# comm -12 <(sort fruit.txt) <(sort color.txt)
root@LAPTOP-VSF1BPPN:/home/vedant# wc fruit.txt color.txt
  6   7  50 fruit.txt
  8   8  53 color.txt
 14  15 103 total